<html>
<body>
<pre>
<h1>µVision Build Log</h1>
<h2>Tool Versions:</h2>
IDE-Version: µVision V5.39.0.0
Copyright (C) 2023 ARM Ltd and ARM Germany GmbH. All rights reserved.
License Information: Roberto Di Ciaula Politecnico di Torino Flex license: MDK Professional 5.38 (Flex) (mdk_pro) Operation stops: 10 Mar 2024
 
Tool Versions:
Toolchain:       MDK Professional 5.38 (Flex)  Version: 5.39.0.0
Toolchain Path:  C:\Keil_v5\ARM\ARMCLANG5\Bin
C Compiler:      Armcc.exe V5.06 update 7 (build 960)
Assembler:       Armasm.exe V5.06 update 7 (build 960)
Linker/Locator:  ArmLink.exe V5.06 update 7 (build 960)
Library Manager: ArmAr.exe V5.06 update 7 (build 960)
Hex Converter:   FromElf.exe V5.06 update 7 (build 960)
CPU DLL:         SARMCM3.DLL V5.39.0.0
Dialog DLL:      DARMP1.DLL V1.28.1.0
Target DLL:      UL2CM3.DLL V1.164.9.0
Dialog DLL:      TCM.DLL V1.56.4.0
 
<h2>Project:</h2>
C:\Users\roby9\OneDrive\Desktop\quoridor-landtiger-s299444\sample.Target_1.uvprojx
Project File Date:  01/31/2024

<h2>Output:</h2>
*** Using Compiler 'V5.06 update 7 (build 960)', folder: 'C:\Keil_v5\ARM\ARMCLANG5\Bin'
Rebuild target 'Target_1'
assembling startup_LPC17xx.s...
compiling AsciiLib.c...
compiling sample.c...
Joystick/../game/game.h(42): warning:  #1295-D: Deprecated declaration isPlacingBarrierSet - give arg types
  int isPlacingBarrierSet();
Joystick/../game/game.h(43): warning:  #1295-D: Deprecated declaration resetVisited2 - give arg types
  void resetVisited2();
sample.c: 2 warnings, 0 errors
compiling core_cm3.c...
compiling lib_joystick.c...
joystick\../game/game.h(42): warning:  #1295-D: Deprecated declaration isPlacingBarrierSet - give arg types
  int isPlacingBarrierSet();
joystick\../game/game.h(43): warning:  #1295-D: Deprecated declaration resetVisited2 - give arg types
  void resetVisited2();
joystick\lib_joystick.c: 2 warnings, 0 errors
compiling system_LPC17xx.c...
compiling lib_timer.c...
compiling IRQ_timer.c...
timer\../GLCD/../game/game.h(42): warning:  #1295-D: Deprecated declaration isPlacingBarrierSet - give arg types
  int isPlacingBarrierSet();
timer\../GLCD/../game/game.h(43): warning:  #1295-D: Deprecated declaration resetVisited2 - give arg types
  void resetVisited2();
timer\IRQ_timer.c: 2 warnings, 0 errors
compiling funct_joystick.c...
joystick\../game/game.h(42): warning:  #1295-D: Deprecated declaration isPlacingBarrierSet - give arg types
  int isPlacingBarrierSet();
joystick\../game/game.h(43): warning:  #1295-D: Deprecated declaration resetVisited2 - give arg types
  void resetVisited2();
joystick\funct_joystick.c(62): warning:  #177-D: variable "check1"  was declared but never referenced
  	int check1;													// e un flag validity, che controlla se i muri si overlappano, anche a croce, utilizzando delle relazioni geometriche tra 
joystick\funct_joystick.c(181): warning:  #177-D: variable "check1"  was declared but never referenced
  	int check1;													// e un flag validity, che controlla se i muri si overlappano, anche a croce, utilizzando delle relazioni geometriche tra 
joystick\funct_joystick.c: 4 warnings, 0 errors
compiling lib_button.c...
compiling IRQ_button.c...
button_EXINT\../game/game.h(42): warning:  #1295-D: Deprecated declaration isPlacingBarrierSet - give arg types
  int isPlacingBarrierSet();
button_EXINT\../game/game.h(43): warning:  #1295-D: Deprecated declaration resetVisited2 - give arg types
  void resetVisited2();
button_EXINT\IRQ_button.c: 2 warnings, 0 errors
compiling lib_RIT.c...
compiling HzLib.c...
compiling IRQ_RIT.c...
RIT\../GLCD/../game/game.h(42): warning:  #1295-D: Deprecated declaration isPlacingBarrierSet - give arg types
  int isPlacingBarrierSet();
RIT\../GLCD/../game/game.h(43): warning:  #1295-D: Deprecated declaration resetVisited2 - give arg types
  void resetVisited2();
RIT\IRQ_RIT.c: 2 warnings, 0 errors
compiling game.c...
game\../GLCD/../game/game.h(42): warning:  #1295-D: Deprecated declaration isPlacingBarrierSet - give arg types
  int isPlacingBarrierSet();
game\../GLCD/../game/game.h(43): warning:  #1295-D: Deprecated declaration resetVisited2 - give arg types
  void resetVisited2();
game\game.c(152): warning:  #177-D: variable "x"  was declared but never referenced
  	char x;																							// se ci sono muri disponibili allora si piazzano muri cercando di bloccare le mosse prima in avanti(n+2) e poi di lato(n+1)
game\game.c(153): warning:  #177-D: variable "y"  was declared but never referenced
  	char y;																						// del player, se no ci si muove seguendo la dfs. Se l'opponent ha creato dei muri viene ricalcolato un nuovo percorso per il bot
game\game.c(156): warning:  #177-D: variable "i"  was declared but never referenced
  	int i = 0;
game\game.c(363): warning:  #940-D: missing return statement at end of non-void function "populateSchema" 
  		}
game\game.c(340): warning:  #177-D: variable "check1"  was declared but never referenced
  		int check1;
game\game.c: 7 warnings, 0 errors
compiling GLCD.c...
GLCD\../game/game.h(42): warning:  #1295-D: Deprecated declaration isPlacingBarrierSet - give arg types
  int isPlacingBarrierSet();
GLCD\../game/game.h(43): warning:  #1295-D: Deprecated declaration resetVisited2 - give arg types
  void resetVisited2();
GLCD\GLCD.c: 2 warnings, 0 errors
linking...
Program Size: Code=44906 RO-data=1774 RW-data=48 ZI-data=20272  
".\sample.axf" - 0 Error(s), 23 Warning(s).

<h2>Software Packages used:</h2>

Package Vendor: ARM
                http://www.keil.com/pack/ARM.CMSIS.5.9.0.pack
                ARM::CMSIS@5.9.0
                CMSIS (Common Microcontroller Software Interface Standard)
   * Component: CORE Version: 5.6.0

Package Vendor: Keil
                http://www.keil.com/pack/Keil.LPC1700_DFP.2.7.1.pack
                Keil::LPC1700_DFP@2.7.1
                NXP LPC1700 Series Device Support, Drivers and Examples for MCB1700 and LPC1788-32

<h2>Collection of Component include folders:</h2>
  ./RTE/_Target_1
  C:/Users/roby9/AppData/Local/Arm/Packs/ARM/CMSIS/5.9.0/CMSIS/Core/Include
  C:/Users/roby9/AppData/Local/Arm/Packs/Keil/LPC1700_DFP/2.7.1/Device/Include

<h2>Collection of Component Files used:</h2>

   * Component: ARM::CMSIS:CORE@5.6.0
Build Time Elapsed:  00:00:01
</pre>
</body>
</html>
